// Jest Snapshot v1, https://goo.gl/fbAQLP

exports[`the FilterTab component should render correctly 1`] = `
<DocumentFragment>
  <div>
    <button
      data-testid="test-btn"
      type="button"
    >
      cat1
    </button>
    <button
      data-testid="test-btn"
      type="button"
    >
      cat2
    </button>
    <button
      data-testid="test-btn"
      type="button"
    >
      cat3
    </button>
  </div>
</DocumentFragment>
`;
